CustomerID  FirstName                        LastName                         BillingAddress                                                                                                                                                                                                                                                  ZipCode Last 4 on Card
----------- -------------------------------- -------------------------------- --------------------------------------------------------------------------------------------------------------------------------------------------------------------------------------------------------------------------------------------------------------- ------- ----------------
1           Brendan                          Ellison                          2220 E Beardsley Road                                                                                                                                                                                                                                           85024   ************7675

(1 row affected)


Completion time: 2021-12-03T11:42:38.9146256-07:00
