FirstName                        LastName                         Year   Model                                                            Total Due                                                                                                                                                                                                                                                        Ammount Paid                                                                                                                                                                                                                                                     Ammount Due
-------------------------------- -------------------------------- ------ ---------------------------------------------------------------- ---------------------------------------------------------------------------------------------------------------------------------------------------------------------------------------------------------------------------------------------------------------- ---------------------------------------------------------------------------------------------------------------------------------------------------------------------------------------------------------------------------------------------------------------- ----------------------------------------------------------------------------------------------------------------------------------------------------------------------------------------------------------------------------------------------------------------
Skye                             Berry                            2015   F-250                                                            $348.09                                                                                                                                                                                                                                                          $0.00                                                                                                                                                                                                                                                            $348.09
Quentin                          Smith                            2021   Silverado 2500HD                                                 $68.01                                                                                                                                                                                                                                                           $0.00                                                                                                                                                                                                                                                            $68.01
Greyson                          Smith                            2016   Civic                                                            $405.11                                                                                                                                                                                                                                                          $200.00                                                                                                                                                                                                                                                          $205.11
Cheyenne                         Cowan                            2011   328i                                                             $71.97                                                                                                                                                                                                                                                           $0.00                                                                                                                                                                                                                                                            $71.97
Wesley                           Mcdaniel                         2014   Malibu                                                           $243.49                                                                                                                                                                                                                                                          $100.00                                                                                                                                                                                                                                                          $143.49

(5 rows affected)


Completion time: 2021-12-03T11:41:24.6083117-07:00
