CustomerID  FirstName                        LastName                         BillingAddress                                                                                                                                                                                                                                                  ZipCode Last 4 on Card
----------- -------------------------------- -------------------------------- --------------------------------------------------------------------------------------------------------------------------------------------------------------------------------------------------------------------------------------------------------------- ------- ----------------
1           Brendan                          Ellison                          2220 E Beardsley Road                                                                                                                                                                                                                                           85024   ************7675
2           Marianne                         Ellison                          2220 E Beardsley Road                                                                                                                                                                                                                                           85024   ************2041
3           Skye                             Berry                            105 New Saddle Street Stroudsburg                                                                                                                                                                                                                               43017   ************7681
4           Quentin                          Smith                            104 S. Primrose Street Murfreesboro                                                                                                                                                                                                                             22468   ************6058
5           Greyson                          Smith                            726 Warren Ave. South Richmond Hill                                                                                                                                                                                                                             55582   ************3541
6           Jack                             Neal                             417 Walnut Street Saint Albans                                                                                                                                                                                                                                  53158   ************1940
7           Cheyenne                         Cowan                            118 Devonshire St. Rahway                                                                                                                                                                                                                                       44155   ************5578
8           John                             Lee                              9557 Carriage Ave. Tualatin                                                                                                                                                                                                                                     95809   ************1149
9           Wesley                           Mcdaniel                         9528 Halifax Drive Wantagh                                                                                                                                                                                                                                      37821   ************4297

(9 rows affected)


Completion time: 2021-12-03T11:40:41.5390698-07:00
